SYNTHETIC DISPATCHER TESTS ONLY: no native worlds or science receipts
DISPATCH world=811001 pid=123456
COMMITTED {'committed_worlds': 1, 'total_worlds': 32, 'committed_training_lives': 3, 'total_training_lives': 96, 'committed_training_bytes': 3840, 'total_training_bytes': 122880}
DISPATCH world=811002 pid=123456
COMMITTED {'committed_worlds': 2, 'total_worlds': 32, 'committed_training_lives': 6, 'total_training_lives': 96, 'committed_training_bytes': 7680, 'total_training_bytes': 122880}
DISPATCH world=811003 pid=123456
COMMITTED {'committed_worlds': 3, 'total_worlds': 32, 'committed_training_lives': 9, 'total_training_lives': 96, 'committed_training_bytes': 11520, 'total_training_bytes': 122880}
DISPATCH world=811004 pid=123456
COMMITTED {'committed_worlds': 4, 'total_worlds': 32, 'committed_training_lives': 12, 'total_training_lives': 96, 'committed_training_bytes': 15360, 'total_training_bytes': 122880}
DISPATCH world=811005 pid=123456
COMMITTED {'committed_worlds': 5, 'total_worlds': 32, 'committed_training_lives': 15, 'total_training_lives': 96, 'committed_training_bytes': 19200, 'total_training_bytes': 122880}
DISPATCH world=811006 pid=123456
COMMITTED {'committed_worlds': 6, 'total_worlds': 32, 'committed_training_lives': 18, 'total_training_lives': 96, 'committed_training_bytes': 23040, 'total_training_bytes': 122880}
DISPATCH world=811007 pid=123456
COMMITTED {'committed_worlds': 7, 'total_worlds': 32, 'committed_training_lives': 21, 'total_training_lives': 96, 'committed_training_bytes': 26880, 'total_training_bytes': 122880}
DISPATCH world=811008 pid=123456
COMMITTED {'committed_worlds': 8, 'total_worlds': 32, 'committed_training_lives': 24, 'total_training_lives': 96, 'committed_training_bytes': 30720, 'total_training_bytes': 122880}
DISPATCH world=811009 pid=123456
COMMITTED {'committed_worlds': 9, 'total_worlds': 32, 'committed_training_lives': 27, 'total_training_lives': 96, 'committed_training_bytes': 34560, 'total_training_bytes': 122880}
DISPATCH world=811010 pid=123456
COMMITTED {'committed_worlds': 10, 'total_worlds': 32, 'committed_training_lives': 30, 'total_training_lives': 96, 'committed_training_bytes': 38400, 'total_training_bytes': 122880}
DISPATCH world=811011 pid=123456
COMMITTED {'committed_worlds': 11, 'total_worlds': 32, 'committed_training_lives': 33, 'total_training_lives': 96, 'committed_training_bytes': 42240, 'total_training_bytes': 122880}
DISPATCH world=811012 pid=123456
COMMITTED {'committed_worlds': 12, 'total_worlds': 32, 'committed_training_lives': 36, 'total_training_lives': 96, 'committed_training_bytes': 46080, 'total_training_bytes': 122880}
DISPATCH world=811013 pid=123456
COMMITTED {'committed_worlds': 13, 'total_worlds': 32, 'committed_training_lives': 39, 'total_training_lives': 96, 'committed_training_bytes': 49920, 'total_training_bytes': 122880}
DISPATCH world=811014 pid=123456
COMMITTED {'committed_worlds': 14, 'total_worlds': 32, 'committed_training_lives': 42, 'total_training_lives': 96, 'committed_training_bytes': 53760, 'total_training_bytes': 122880}
DISPATCH world=811015 pid=123456
COMMITTED {'committed_worlds': 15, 'total_worlds': 32, 'committed_training_lives': 45, 'total_training_lives': 96, 'committed_training_bytes': 57600, 'total_training_bytes': 122880}
DISPATCH world=811016 pid=123456
COMMITTED {'committed_worlds': 16, 'total_worlds': 32, 'committed_training_lives': 48, 'total_training_lives': 96, 'committed_training_bytes': 61440, 'total_training_bytes': 122880}
DISPATCH world=811017 pid=123456
COMMITTED {'committed_worlds': 17, 'total_worlds': 32, 'committed_training_lives': 51, 'total_training_lives': 96, 'committed_training_bytes': 65280, 'total_training_bytes': 122880}
DISPATCH world=811018 pid=123456
COMMITTED {'committed_worlds': 18, 'total_worlds': 32, 'committed_training_lives': 54, 'total_training_lives': 96, 'committed_training_bytes': 69120, 'total_training_bytes': 122880}
DISPATCH world=811019 pid=123456
COMMITTED {'committed_worlds': 19, 'total_worlds': 32, 'committed_training_lives': 57, 'total_training_lives': 96, 'committed_training_bytes': 72960, 'total_training_bytes': 122880}
DISPATCH world=811020 pid=123456
COMMITTED {'committed_worlds': 20, 'total_worlds': 32, 'committed_training_lives': 60, 'total_training_lives': 96, 'committed_training_bytes': 76800, 'total_training_bytes': 122880}
DISPATCH world=811021 pid=123456
COMMITTED {'committed_worlds': 21, 'total_worlds': 32, 'committed_training_lives': 63, 'total_training_lives': 96, 'committed_training_bytes': 80640, 'total_training_bytes': 122880}
DISPATCH world=811022 pid=123456
COMMITTED {'committed_worlds': 22, 'total_worlds': 32, 'committed_training_lives': 66, 'total_training_lives': 96, 'committed_training_bytes': 84480, 'total_training_bytes': 122880}
DISPATCH world=811023 pid=123456
COMMITTED {'committed_worlds': 23, 'total_worlds': 32, 'committed_training_lives': 69, 'total_training_lives': 96, 'committed_training_bytes': 88320, 'total_training_bytes': 122880}
DISPATCH world=811024 pid=123456
COMMITTED {'committed_worlds': 24, 'total_worlds': 32, 'committed_training_lives': 72, 'total_training_lives': 96, 'committed_training_bytes': 92160, 'total_training_bytes': 122880}
DISPATCH world=811025 pid=123456
COMMITTED {'committed_worlds': 25, 'total_worlds': 32, 'committed_training_lives': 75, 'total_training_lives': 96, 'committed_training_bytes': 96000, 'total_training_bytes': 122880}
DISPATCH world=811026 pid=123456
COMMITTED {'committed_worlds': 26, 'total_worlds': 32, 'committed_training_lives': 78, 'total_training_lives': 96, 'committed_training_bytes': 99840, 'total_training_bytes': 122880}
DISPATCH world=811027 pid=123456
COMMITTED {'committed_worlds': 27, 'total_worlds': 32, 'committed_training_lives': 81, 'total_training_lives': 96, 'committed_training_bytes': 103680, 'total_training_bytes': 122880}
DISPATCH world=811028 pid=123456
COMMITTED {'committed_worlds': 28, 'total_worlds': 32, 'committed_training_lives': 84, 'total_training_lives': 96, 'committed_training_bytes': 107520, 'total_training_bytes': 122880}
DISPATCH world=811029 pid=123456
COMMITTED {'committed_worlds': 29, 'total_worlds': 32, 'committed_training_lives': 87, 'total_training_lives': 96, 'committed_training_bytes': 111360, 'total_training_bytes': 122880}
DISPATCH world=811030 pid=123456
COMMITTED {'committed_worlds': 30, 'total_worlds': 32, 'committed_training_lives': 90, 'total_training_lives': 96, 'committed_training_bytes': 115200, 'total_training_bytes': 122880}
DISPATCH world=811031 pid=123456
COMMITTED {'committed_worlds': 31, 'total_worlds': 32, 'committed_training_lives': 93, 'total_training_lives': 96, 'committed_training_bytes': 119040, 'total_training_bytes': 122880}
DISPATCH world=811032 pid=123456
COMMITTED {'committed_worlds': 32, 'total_worlds': 32, 'committed_training_lives': 96, 'total_training_lives': 96, 'committed_training_bytes': 122880, 'total_training_bytes': 122880}
COMPLETE SYNTHETIC_NEGATIVE_VALID_COMPLETION
DISPATCH world=811001 pid=123456
{
  "admission_guard_scope_only": true,
  "estimate_wall_minutes": 29.318775466581187,
  "formal_worlds_qualified_for_dispatch": 32,
  "no_new_native_trajectories_executed": true,
  "no_overwrite_atomic_commit": true,
  "qualified_native_source_edited": false,
  "real_native_import_and_parent_source_check": true,
  "rejected_tamper_cases": [
    "wrong_world",
    "wrong_evidence",
    "wrong_source",
    "missing_rest_stage",
    "missing_training_branch",
    "missing_probe",
    "wrong_input",
    "wrong_raw_hash",
    "drop_event",
    "changed_event",
    "future_context",
    "wrong_clock",
    "wrong_emit",
    "wrong_internal_error",
    "no_old_write_violation",
    "disabled_actual_write",
    "reused_birth",
    "wrong_birth",
    "partial_byte_counter",
    "wrong_metric",
    "wrong_lives",
    "missing_erase"
  ],
  "row_auditor_parity": true,
  "synthetic_adapted_DEV_fixture_is_not_science": true,
  "synthetic_dispatcher_tests": [
    "exact_roster_and_negative_completion",
    "repeat_launch_rejected",
    "failure_stops_without_retry_or_next_world"
  ],
  "time_unix": 1791407848.532428,
  "verdict": "PASS",
  "workers": 1,
  "world_level_inference_tests": true
}
