{
  "status": "DEV_QUALIFIED_SCIENCE_NOT_STARTED",
  "technical_verdict": "PASS",
  "behavior_verdict": "PASS",
  "cycle3_worlds": 4,
  "cycle3_completed_training_lives": 12,
  "cycle3_committed_training_bytes": 15360,
  "science_worlds": 0,
  "science_lives": 0,
  "worlds": [
    {
      "world": 810201,
      "old": 1.0,
      "day2_retained": 0.96875,
      "day2_N_OLD": 0.1875,
      "causal_old_gain": 0.78125,
      "retention_delta": -0.03125,
      "new": 1.0,
      "revised": 1.0,
      "unchanged": 0.875,
      "day2_old_all_byte_bpb": 1.7692943218624095,
      "day2_old_all_byte_bpb_gain": 0.23070567813759046,
      "W_training_cpu": 6.913735000000001,
      "total_world_cpu": 26.338848,
      "total_world_wall": 27.48635199991986,
      "audited_rows": 8240
    },
    {
      "world": 810202,
      "old": 1.0,
      "day2_retained": 1.0,
      "day2_N_OLD": 0.21875,
      "causal_old_gain": 0.78125,
      "retention_delta": 0.0,
      "new": 1.0,
      "revised": 1.0,
      "unchanged": 0.9375,
      "day2_old_all_byte_bpb": 1.7898696049278104,
      "day2_old_all_byte_bpb_gain": 0.21013039507218956,
      "W_training_cpu": 6.166201999999998,
      "total_world_cpu": 24.863186,
      "total_world_wall": 24.952505332999863,
      "audited_rows": 8240
    },
    {
      "world": 810203,
      "old": 1.0,
      "day2_retained": 1.0,
      "day2_N_OLD": 0.15625,
      "causal_old_gain": 0.84375,
      "retention_delta": 0.0,
      "new": 1.0,
      "revised": 1.0,
      "unchanged": 0.875,
      "day2_old_all_byte_bpb": 1.7748570760809392,
      "day2_old_all_byte_bpb_gain": 0.22514292391906077,
      "W_training_cpu": 6.246810999999994,
      "total_world_cpu": 25.839762,
      "total_world_wall": 26.489013292011805,
      "audited_rows": 8240
    },
    {
      "world": 810204,
      "old": 1.0,
      "day2_retained": 1.0,
      "day2_N_OLD": 0.28125,
      "causal_old_gain": 0.71875,
      "retention_delta": 0.0,
      "new": 1.0,
      "revised": 1.0,
      "unchanged": 1.0,
      "day2_old_all_byte_bpb": 1.7653512623002694,
      "day2_old_all_byte_bpb_gain": 0.2346487376997306,
      "W_training_cpu": 6.467680000000001,
      "total_world_cpu": 25.917512000000002,
      "total_world_wall": 26.803630625014193,
      "audited_rows": 8240
    }
  ],
  "means": {
    "old": 1.0,
    "day2_retained": 0.9921875,
    "day2_N_OLD": 0.2109375,
    "causal_old_gain": 0.78125,
    "retention_delta": -0.0078125,
    "new": 1.0,
    "revised": 1.0,
    "unchanged": 0.921875,
    "day2_old_all_byte_bpb": 1.7748430662928572,
    "day2_old_all_byte_bpb_gain": 0.22515693370714285,
    "W_training_cpu": 6.448606999999999,
    "total_world_cpu": 25.739827,
    "total_world_wall": 26.43287531248643,
    "audited_rows": 8240
  },
  "gates": {
    "old_acquisition": true,
    "retention": true,
    "earlier_learning_causal_gain": true,
    "new_acquisition": true,
    "revision": true,
    "unchanged_preservation": true,
    "whole_byte_loss": true
  },
  "native_mutable_bytes": 662660,
  "source_unchanged": true,
  "evidence": "DEV feasibility only; E0/E1, not E3 or formal adoption",
  "conservative_32_world_single_worker_wall_minutes": 29.318775466581187
}
