{"world": 491067, "arm": "CONTENT_4", "branch": "W", "cursor": 32}
{"world": 491067, "arm": "CONTENT_4", "branch": "W", "cursor": 64}
{"world": 491067, "arm": "CONTENT_4", "branch": "W", "cursor": 96}
{"world": 491067, "arm": "CONTENT_4", "branch": "W", "cursor": 128}
{"world": 491067, "arm": "CONTENT_4", "branch": "W", "cursor": 160}
{"world": 491067, "arm": "CONTENT_4", "branch": "W", "cursor": 192}
{"world": 491067, "arm": "CONTENT_4", "branch": "W", "cursor": 224}
{"world": 491067, "arm": "CONTENT_4", "branch": "W", "cursor": 256}
{"world": 491067, "arm": "CONTENT_4", "branch": "W", "cursor": 288}
{"world": 491067, "arm": "CONTENT_4", "branch": "W", "cursor": 320}
{"world": 491067, "arm": "CONTENT_4", "branch": "W", "cursor": 352}
{"world": 491067, "arm": "CONTENT_4", "branch": "W", "cursor": 384}
{"world": 491067, "arm": "CONTENT_4", "branch": "W", "cursor": 416}
{"world": 491067, "arm": "CONTENT_4", "branch": "W", "cursor": 448}
{"world": 491067, "arm": "CONTENT_4", "branch": "W", "cursor": 480}
{"world": 491067, "arm": "CONTENT_4", "branch": "W", "cursor": 512}
{"world": 491067, "arm": "CONTENT_4", "branch": "W", "cursor": 544}
{"world": 491067, "arm": "CONTENT_4", "branch": "W", "cursor": 576}
{"world": 491067, "arm": "CONTENT_4", "branch": "W", "cursor": 608}
{"world": 491067, "arm": "CONTENT_4", "branch": "W", "cursor": 640}
{"world": 491067, "arm": "CONTENT_4", "branch": "W", "cursor": 672}
{"world": 491067, "arm": "CONTENT_4", "branch": "W", "cursor": 704}
{"world": 491067, "arm": "CONTENT_4", "branch": "W", "cursor": 736}
{"world": 491067, "arm": "CONTENT_4", "branch": "W", "cursor": 768}
{"world": 491067, "arm": "CONTENT_4", "branch": "W", "cursor": 800}
{"world": 491067, "arm": "CONTENT_4", "branch": "W", "cursor": 832}
{"world": 491067, "arm": "CONTENT_4", "branch": "W", "cursor": 864}
{"world": 491067, "arm": "CONTENT_4", "branch": "N_old", "cursor": 32}
{"world": 491067, "arm": "CONTENT_4", "branch": "N_old", "cursor": 64}
{"world": 491067, "arm": "CONTENT_4", "branch": "N_old", "cursor": 96}
{"world": 491067, "arm": "CONTENT_4", "branch": "N_old", "cursor": 128}
{"world": 491067, "arm": "CONTENT_4", "branch": "N_old", "cursor": 160}
{"world": 491067, "arm": "CONTENT_4", "branch": "N_old", "cursor": 192}
{"world": 491067, "arm": "CONTENT_4", "branch": "N_old", "cursor": 224}
{"world": 491067, "arm": "CONTENT_4", "branch": "N_old", "cursor": 256}
{"world": 491067, "arm": "CONTENT_4", "branch": "N_old", "cursor": 288}
{"world": 491067, "arm": "CONTENT_4", "branch": "N_old", "cursor": 320}
{"world": 491067, "arm": "CONTENT_4", "branch": "N_old", "cursor": 352}
{"world": 491067, "arm": "CONTENT_4", "branch": "N_old", "cursor": 384}
{"world": 491067, "arm": "CONTENT_4", "branch": "N_old", "cursor": 416}
{"world": 491067, "arm": "CONTENT_4", "branch": "N_old", "cursor": 448}
{"world": 491067, "arm": "CONTENT_4", "branch": "N_old", "cursor": 480}
{"world": 491067, "arm": "CONTENT_4", "branch": "N_old", "cursor": 512}
{"world": 491067, "arm": "CONTENT_4", "branch": "N_old", "cursor": 544}
{"world": 491067, "arm": "CONTENT_4", "branch": "N_old", "cursor": 576}
{"world": 491067, "arm": "CONTENT_4", "branch": "N_old", "cursor": 608}
{"world": 491067, "arm": "CONTENT_4", "branch": "N_old", "cursor": 640}
{"world": 491067, "arm": "CONTENT_4", "branch": "N_old", "cursor": 672}
{"world": 491067, "arm": "CONTENT_4", "branch": "N_old", "cursor": 704}
{"world": 491067, "arm": "CONTENT_4", "branch": "N_old", "cursor": 736}
{"world": 491067, "arm": "CONTENT_4", "branch": "N_old", "cursor": 768}
{"world": 491067, "arm": "CONTENT_4", "branch": "N_old", "cursor": 800}
{"world": 491067, "arm": "CONTENT_4", "branch": "N_old", "cursor": 832}
{"world": 491067, "arm": "CONTENT_4", "branch": "N_old", "cursor": 864}
{"world": 491067, "arm": "CONTENT_4", "branch": "N_new", "cursor": 32}
{"world": 491067, "arm": "CONTENT_4", "branch": "N_new", "cursor": 64}
{"world": 491067, "arm": "CONTENT_4", "branch": "N_new", "cursor": 96}
{"world": 491067, "arm": "CONTENT_4", "branch": "N_new", "cursor": 128}
{"world": 491067, "arm": "CONTENT_4", "branch": "N_new", "cursor": 160}
{"world": 491067, "arm": "CONTENT_4", "branch": "N_new", "cursor": 192}
{"world": 491067, "arm": "CONTENT_4", "branch": "N_new", "cursor": 224}
{"world": 491067, "arm": "CONTENT_4", "branch": "N_new", "cursor": 256}
{"world": 491067, "arm": "CONTENT_4", "branch": "N_new", "cursor": 288}
{"world": 491067, "arm": "CONTENT_4", "branch": "N_new", "cursor": 320}
{"world": 491067, "arm": "CONTENT_4", "branch": "N_new", "cursor": 352}
{"world": 491067, "arm": "CONTENT_4", "branch": "N_new", "cursor": 384}
{"world": 491067, "arm": "CONTENT_4", "branch": "N_new", "cursor": 416}
{"world": 491067, "arm": "CONTENT_4", "branch": "N_new", "cursor": 448}
{"world": 491067, "arm": "CONTENT_4", "branch": "N_new", "cursor": 480}
{"world": 491067, "arm": "CONTENT_4", "branch": "N_new", "cursor": 512}
{"world": 491067, "arm": "CONTENT_4", "branch": "N_new", "cursor": 544}
{"world": 491067, "arm": "CONTENT_4", "branch": "N_new", "cursor": 576}
{"world": 491067, "arm": "CONTENT_4", "branch": "N_new", "cursor": 608}
{"world": 491067, "arm": "CONTENT_4", "branch": "N_new", "cursor": 640}
{"world": 491067, "arm": "CONTENT_4", "branch": "N_new", "cursor": 672}
{"world": 491067, "arm": "CONTENT_4", "branch": "N_new", "cursor": 704}
{"world": 491067, "arm": "CONTENT_4", "branch": "N_new", "cursor": 736}
{"world": 491067, "arm": "CONTENT_4", "branch": "N_new", "cursor": 768}
{"world": 491067, "arm": "CONTENT_4", "branch": "N_new", "cursor": 800}
{"world": 491067, "arm": "CONTENT_4", "branch": "N_new", "cursor": 832}
{"world": 491067, "arm": "CONTENT_4", "branch": "N_new", "cursor": 864}
{"world": 491067, "arm": "CONTENT_4", "branch": "N_revision", "cursor": 32}
{"world": 491067, "arm": "CONTENT_4", "branch": "N_revision", "cursor": 64}
{"world": 491067, "arm": "CONTENT_4", "branch": "N_revision", "cursor": 96}
{"world": 491067, "arm": "CONTENT_4", "branch": "N_revision", "cursor": 128}
{"world": 491067, "arm": "CONTENT_4", "branch": "N_revision", "cursor": 160}
{"world": 491067, "arm": "CONTENT_4", "branch": "N_revision", "cursor": 192}
{"world": 491067, "arm": "CONTENT_4", "branch": "N_revision", "cursor": 224}
{"world": 491067, "arm": "CONTENT_4", "branch": "N_revision", "cursor": 256}
{"world": 491067, "arm": "CONTENT_4", "branch": "N_revision", "cursor": 288}
{"world": 491067, "arm": "CONTENT_4", "branch": "N_revision", "cursor": 320}
{"world": 491067, "arm": "CONTENT_4", "branch": "N_revision", "cursor": 352}
{"world": 491067, "arm": "CONTENT_4", "branch": "N_revision", "cursor": 384}
{"world": 491067, "arm": "CONTENT_4", "branch": "N_revision", "cursor": 416}
{"world": 491067, "arm": "CONTENT_4", "branch": "N_revision", "cursor": 448}
{"world": 491067, "arm": "CONTENT_4", "branch": "N_revision", "cursor": 480}
{"world": 491067, "arm": "CONTENT_4", "branch": "N_revision", "cursor": 512}
{"world": 491067, "arm": "CONTENT_4", "branch": "N_revision", "cursor": 544}
{"world": 491067, "arm": "CONTENT_4", "branch": "N_revision", "cursor": 576}
{"world": 491067, "arm": "CONTENT_4", "branch": "N_revision", "cursor": 608}
{"world": 491067, "arm": "CONTENT_4", "branch": "N_revision", "cursor": 640}
{"world": 491067, "arm": "CONTENT_4", "branch": "N_revision", "cursor": 672}
{"world": 491067, "arm": "CONTENT_4", "branch": "N_revision", "cursor": 704}
{"world": 491067, "arm": "CONTENT_4", "branch": "N_revision", "cursor": 736}
{"world": 491067, "arm": "CONTENT_4", "branch": "N_revision", "cursor": 768}
{"world": 491067, "arm": "CONTENT_4", "branch": "N_revision", "cursor": 800}
{"world": 491067, "arm": "CONTENT_4", "branch": "N_revision", "cursor": 832}
{"world": 491067, "arm": "CONTENT_4", "branch": "N_revision", "cursor": 864}
{"complete": true, "world": 491067, "arm": "CONTENT_4", "already_completed": false, "worker_s": 137.52350987499813}
