DEV 810201 old
DEV 810201 day1
DEV 810201 new
DEV 810201 day2
DEV 810201 revised
{"world": 810201, "audit": {"verdict": "PASS", "independently_checked_rows": 8240}, "resources": {"cpu_seconds": 26.338848, "wall_seconds": 27.48635199991986, "training_bytes": 1280, "actual_training_lives": 3, "readonly_probes_separate": true}, "old": 1.0, "retained": 0.96875, "revised": 1.0, "unchanged": 0.875}
DEV 810202 old
DEV 810202 day1
DEV 810202 new
DEV 810202 day2
DEV 810202 revised
{"world": 810202, "audit": {"verdict": "PASS", "independently_checked_rows": 8240}, "resources": {"cpu_seconds": 24.863186, "wall_seconds": 24.952505332999863, "training_bytes": 1280, "actual_training_lives": 3, "readonly_probes_separate": true}, "old": 1.0, "retained": 1.0, "revised": 1.0, "unchanged": 0.9375}
DEV 810203 old
DEV 810203 day1
DEV 810203 new
DEV 810203 day2
DEV 810203 revised
{"world": 810203, "audit": {"verdict": "PASS", "independently_checked_rows": 8240}, "resources": {"cpu_seconds": 25.839762, "wall_seconds": 26.489013292011805, "training_bytes": 1280, "actual_training_lives": 3, "readonly_probes_separate": true}, "old": 1.0, "retained": 1.0, "revised": 1.0, "unchanged": 0.875}
DEV 810204 old
DEV 810204 day1
DEV 810204 new
DEV 810204 day2
DEV 810204 revised
{"world": 810204, "audit": {"verdict": "PASS", "independently_checked_rows": 8240}, "resources": {"cpu_seconds": 25.917512000000002, "wall_seconds": 26.803630625014193, "training_bytes": 1280, "actual_training_lives": 3, "readonly_probes_separate": true}, "old": 1.0, "retained": 1.0, "revised": 1.0, "unchanged": 1.0}
