{
  "verdict": "PASS",
  "checks": [
    "mid-block pending-prediction checkpoint equals uninterrupted native arrays and full digest",
    "disabled write arrays equal independent direct-native no-plastic event",
    "independent event ledger rejects future context, target, sign, write, clock/report tampering",
    "independent IID stream remains near chance",
    "observed-context count countermodel solves focal prediction; no E3 claim"
  ],
  "rejected_tampers": [
    "checkpoint_byte_changed",
    "checkpoint_wrong_source_with_recomputed_byte_hash",
    "future_byte_in_address",
    "wrong_actual_byte",
    "oracle_sign",
    "nan_sign",
    "dropped_event",
    "wrong_input_hash",
    "wrong_emitted_byte",
    "no_write_actually_writes",
    "probe_learns",
    "wrong_reported_accuracy",
    "wrong_byte_clock"
  ],
  "checkpoint_digest": "e9d7dec49490beb7cbc13dfe90c4339f35d2d5620cfbb68d032329d6282fc2eb",
  "native_arrays_exact": true,
  "iid_accuracy": 0.244140625,
  "iid_bits_per_byte": 2.000431481415879,
  "context_count_focal_accuracy": 1.0,
  "native_mutable_bytes": 662660,
  "no_science_trajectories": true
}
