{"branch": "W", "cursor": 32}
{"branch": "W", "cursor": 64}
{"branch": "W", "cursor": 96}
{"branch": "W", "cursor": 128}
{"branch": "W", "cursor": 160}
{"branch": "W", "cursor": 192}
{"branch": "W", "cursor": 224}
{"branch": "W", "cursor": 256}
{"branch": "W", "cursor": 288}
{"branch": "W", "cursor": 320}
{"branch": "W", "cursor": 352}
{"branch": "W", "cursor": 384}
{"branch": "W", "cursor": 416}
{"branch": "W", "cursor": 448}
{"branch": "W", "cursor": 480}
{"branch": "W", "cursor": 512}
{"branch": "W", "cursor": 544}
{"branch": "W", "cursor": 576}
{"branch": "W", "cursor": 608}
{"branch": "W", "cursor": 640}
{"branch": "W", "cursor": 672}
{"branch": "W", "cursor": 704}
{"branch": "W", "cursor": 736}
{"branch": "W", "cursor": 768}
{"branch": "W", "cursor": 800}
{"branch": "W", "cursor": 832}
{"branch": "W", "cursor": 864}
{"branch": "N_old", "cursor": 32}
{"branch": "N_old", "cursor": 64}
{"branch": "N_old", "cursor": 96}
{"branch": "N_old", "cursor": 128}
{"branch": "N_old", "cursor": 160}
{"branch": "N_old", "cursor": 192}
{"branch": "N_old", "cursor": 224}
{"branch": "N_old", "cursor": 256}
{"branch": "N_old", "cursor": 288}
{"branch": "N_old", "cursor": 320}
{"branch": "N_old", "cursor": 352}
{"branch": "N_old", "cursor": 384}
{"branch": "N_old", "cursor": 416}
{"branch": "N_old", "cursor": 448}
{"branch": "N_old", "cursor": 480}
{"branch": "N_old", "cursor": 512}
{"branch": "N_old", "cursor": 544}
{"branch": "N_old", "cursor": 576}
{"branch": "N_old", "cursor": 608}
{"branch": "N_old", "cursor": 640}
{"branch": "N_old", "cursor": 672}
{"branch": "N_old", "cursor": 704}
{"branch": "N_old", "cursor": 736}
{"branch": "N_old", "cursor": 768}
{"branch": "N_old", "cursor": 800}
{"branch": "N_old", "cursor": 832}
{"branch": "N_old", "cursor": 864}
{"branch": "N_new", "cursor": 32}
{"branch": "N_new", "cursor": 64}
{"branch": "N_new", "cursor": 96}
{"branch": "N_new", "cursor": 128}
{"branch": "N_new", "cursor": 160}
{"branch": "N_new", "cursor": 192}
{"branch": "N_new", "cursor": 224}
{"branch": "N_new", "cursor": 256}
{"branch": "N_new", "cursor": 288}
{"branch": "N_new", "cursor": 320}
{"branch": "N_new", "cursor": 352}
{"branch": "N_new", "cursor": 384}
{"branch": "N_new", "cursor": 416}
{"branch": "N_new", "cursor": 448}
{"branch": "N_new", "cursor": 480}
{"branch": "N_new", "cursor": 512}
{"branch": "N_new", "cursor": 544}
{"branch": "N_new", "cursor": 576}
{"branch": "N_new", "cursor": 608}
{"branch": "N_new", "cursor": 640}
{"branch": "N_new", "cursor": 672}
{"branch": "N_new", "cursor": 704}
{"branch": "N_new", "cursor": 736}
{"branch": "N_new", "cursor": 768}
{"branch": "N_new", "cursor": 800}
{"branch": "N_new", "cursor": 832}
{"branch": "N_new", "cursor": 864}
{"branch": "N_revision", "cursor": 32}
{"branch": "N_revision", "cursor": 64}
{"branch": "N_revision", "cursor": 96}
{"branch": "N_revision", "cursor": 128}
{"branch": "N_revision", "cursor": 160}
{"branch": "N_revision", "cursor": 192}
{"branch": "N_revision", "cursor": 224}
{"branch": "N_revision", "cursor": 256}
{"branch": "N_revision", "cursor": 288}
{"branch": "N_revision", "cursor": 320}
{"branch": "N_revision", "cursor": 352}
{"branch": "N_revision", "cursor": 384}
{"branch": "N_revision", "cursor": 416}
{"branch": "N_revision", "cursor": 448}
{"branch": "N_revision", "cursor": 480}
{"branch": "N_revision", "cursor": 512}
{"branch": "N_revision", "cursor": 544}
{"branch": "N_revision", "cursor": 576}
{"branch": "N_revision", "cursor": 608}
{"branch": "N_revision", "cursor": 640}
{"branch": "N_revision", "cursor": 672}
{"branch": "N_revision", "cursor": 704}
{"branch": "N_revision", "cursor": 736}
{"branch": "N_revision", "cursor": 768}
{"branch": "N_revision", "cursor": 800}
{"branch": "N_revision", "cursor": 832}
{"branch": "N_revision", "cursor": 864}
{"world": 501069, "arm": "V1", "assay": "lifetime", "already_completed": false}
