START authorized LINK pipeline, 8 workers
START screen 71009001_lifetime pid=49277
START screen 71009001_reuse pid=49278
START screen 71009002_lifetime pid=49279
START screen 71009002_reuse pid=49280
START screen 71009003_lifetime pid=49281
START screen 71009003_reuse pid=49282
START screen 71009004_lifetime pid=49283
START screen 71009004_reuse pid=49284
COMMIT screen 71009003_reuse
START screen 71009005_lifetime pid=49552
COMMIT screen 71009001_reuse
COMMIT screen 71009002_reuse
COMMIT screen 71009004_reuse
START screen 71009005_reuse pid=49555
START screen 71009006_lifetime pid=49556
START screen 71009006_reuse pid=49557
COMMIT screen 71009005_reuse
START screen 71009007_lifetime pid=49905
COMMIT screen 71009006_reuse
START screen 71009007_reuse pid=49909
COMMIT screen 71009007_reuse
START screen 71009008_lifetime pid=50264
COMMIT screen 71009001_lifetime
START screen 71009008_reuse pid=51412
COMMIT screen 71009002_lifetime
COMMIT screen 71009004_lifetime
COMMIT screen 71009003_lifetime
COMMIT screen 71009008_reuse
COMMIT screen 71009005_lifetime
COMMIT screen 71009006_lifetime
COMMIT screen 71009007_lifetime
COMMIT screen 71009008_lifetime
ANALYSIS screen SCREEN_NO_ADVANCE_RETAIN_ERROR
COMPLETE SCREEN_NO_ADVANCE_RETAIN_ERROR jobs=16 lives=48
