{"verdict": "PASS", "identity": "6f0d7a765df41dcc51b8fbc45a5ce5a8278726e34a9162351b652101fc72daf7"}
{"committed_jobs": 1, "world": 501001, "arm": "V1", "assay": "reuse"}
{"committed_jobs": 2, "world": 501001, "arm": "ERROR", "assay": "reuse"}
{"committed_jobs": 3, "world": 501001, "arm": "REPLACE", "assay": "reuse"}
{"committed_jobs": 4, "world": 501001, "arm": "V1", "assay": "lifetime"}
{"committed_jobs": 5, "world": 501001, "arm": "ERROR", "assay": "lifetime"}
{"committed_jobs": 6, "world": 501001, "arm": "BOTH", "assay": "reuse"}
{"committed_jobs": 7, "world": 501001, "arm": "REPLACE", "assay": "lifetime"}
{"committed_jobs": 8, "world": 501002, "arm": "V1", "assay": "reuse"}
{"committed_jobs": 9, "world": 501001, "arm": "BOTH", "assay": "lifetime"}
{"committed_jobs": 10, "world": 501002, "arm": "ERROR", "assay": "reuse"}
{"committed_jobs": 11, "world": 501002, "arm": "REPLACE", "assay": "reuse"}
{"committed_jobs": 12, "world": 501002, "arm": "V1", "assay": "lifetime"}
Traceback (most recent call last):
  File "/Users/pencilbard/Downloads/second_try_copy/DIGITALBABY_CLAUDE_B_D4E4578_20260929/persistent_core_v2_trial/supervisor.py", line 104, in main
    atomic_json(results/'STATUS.json',status); time.sleep(5)
                                               ^^^^^^^^^^^^^
  File "/Users/pencilbard/Downloads/second_try_copy/DIGITALBABY_CLAUDE_B_D4E4578_20260929/persistent_core_v2_trial/supervisor.py", line 52, in stop
    def stop(sig,frame): raise RuntimeError(f'supervisor interrupted by signal {sig}')
                         ^^^^^^^^^^^^^^^^^^^^^^^^^^^^^^^^^^^^^^^^^^^^^^^^^^^^^^^^^^^^^
RuntimeError: supervisor interrupted by signal 15

